<?php return array (
  0 => 'Symfony\\Bundle\\FrameworkBundle\\Controller\\AbstractController',
  1 => 'Symfony\\Bundle\\FrameworkBundle\\Controller\\Controller',
  2 => 'Customize\\Controller\\Admin\\Order\\OrderController',
  3 => 'Customize\\Controller\\Admin\\Product\\CategoryController',
  4 => 'Customize\\Controller\\Admin\\Product\\CsvImportController',
  5 => 'Customize\\Controller\\Admin\\Product\\ProductController',
  6 => 'Customize\\Controller\\Block\\HdnSelectSaijiController',
  7 => 'Customize\\Controller\\Block\\HdnSelectTenpoController',
  8 => 'Customize\\Controller\\HdnStartController',
  9 => 'Customize\\Controller\\NonMemberShoppingController',
  10 => 'Customize\\Controller\\ProductController',
  11 => 'Customize\\Controller\\ShoppingController',
  12 => 'Customize\\Entity\\CategoryTrait',
  13 => 'Customize\\Entity\\CustomerTrait',
  14 => 'Customize\\Entity\\HdnSaijiTenpo',
  15 => 'Customize\\Entity\\HdnTenpo',
  16 => 'Customize\\Entity\\Master\\Bumon',
  17 => 'Customize\\Entity\\OrderItemTrait',
  18 => 'Customize\\Entity\\OrderTrait',
  19 => 'Customize\\Entity\\ProductTrait',
  20 => 'Doctrine\\Bundle\\DoctrineBundle\\Controller\\ProfilerController',
  21 => 'Doctrine\\ORM\\Cache\\Persister\\Entity\\AbstractEntityPersister',
  22 => 'Doctrine\\ORM\\Cache\\Persister\\Entity\\CachedEntityPersister',
  23 => 'Doctrine\\ORM\\Cache\\Persister\\Entity\\NonStrictReadWriteCachedEntityPersister',
  24 => 'Doctrine\\ORM\\Cache\\Persister\\Entity\\ReadOnlyCachedEntityPersister',
  25 => 'Doctrine\\ORM\\Cache\\Persister\\Entity\\ReadWriteCachedEntityPersister',
  26 => 'Doctrine\\ORM\\Persisters\\Entity\\AbstractEntityInheritancePersister',
  27 => 'Doctrine\\ORM\\Persisters\\Entity\\BasicEntityPersister',
  28 => 'Doctrine\\ORM\\Persisters\\Entity\\CachedPersisterContext',
  29 => 'Doctrine\\ORM\\Persisters\\Entity\\EntityPersister',
  30 => 'Doctrine\\ORM\\Persisters\\Entity\\JoinedSubclassPersister',
  31 => 'Doctrine\\ORM\\Persisters\\Entity\\SingleTablePersister',
  32 => 'Eccube\\Controller\\AbstractController',
  33 => 'Eccube\\Controller\\AbstractShoppingController',
  34 => 'Eccube\\Controller\\Admin\\AbstractCsvImportController',
  35 => 'Eccube\\Controller\\Admin\\AdminController',
  36 => 'Eccube\\Controller\\Admin\\Content\\BlockController',
  37 => 'Eccube\\Controller\\Admin\\Content\\CacheController',
  38 => 'Eccube\\Controller\\Admin\\Content\\CssController',
  39 => 'Eccube\\Controller\\Admin\\Content\\FileController',
  40 => 'Eccube\\Controller\\Admin\\Content\\JsController',
  41 => 'Eccube\\Controller\\Admin\\Content\\LayoutController',
  42 => 'Eccube\\Controller\\Admin\\Content\\MaintenanceController',
  43 => 'Eccube\\Controller\\Admin\\Content\\NewsController',
  44 => 'Eccube\\Controller\\Admin\\Content\\PageController',
  45 => 'Eccube\\Controller\\Admin\\Customer\\CustomerController',
  46 => 'Eccube\\Controller\\Admin\\Customer\\CustomerDeliveryEditController',
  47 => 'Eccube\\Controller\\Admin\\Customer\\CustomerEditController',
  48 => 'Eccube\\Controller\\Admin\\Order\\CsvImportController',
  49 => 'Eccube\\Controller\\Admin\\Order\\EditController',
  50 => 'Eccube\\Controller\\Admin\\Order\\MailController',
  51 => 'Eccube\\Controller\\Admin\\Order\\OrderController',
  52 => 'Eccube\\Controller\\Admin\\Order\\ShippingController',
  53 => 'Eccube\\Controller\\Admin\\Product\\CategoryController',
  54 => 'Eccube\\Controller\\Admin\\Product\\ClassCategoryController',
  55 => 'Eccube\\Controller\\Admin\\Product\\ClassNameController',
  56 => 'Eccube\\Controller\\Admin\\Product\\CsvImportController',
  57 => 'Eccube\\Controller\\Admin\\Product\\ProductClassController',
  58 => 'Eccube\\Controller\\Admin\\Product\\ProductController',
  59 => 'Eccube\\Controller\\Admin\\Product\\TagController',
  60 => 'Eccube\\Controller\\Admin\\Setting\\Shop\\CsvController',
  61 => 'Eccube\\Controller\\Admin\\Setting\\Shop\\DeliveryController',
  62 => 'Eccube\\Controller\\Admin\\Setting\\Shop\\MailController',
  63 => 'Eccube\\Controller\\Admin\\Setting\\Shop\\OrderStatusController',
  64 => 'Eccube\\Controller\\Admin\\Setting\\Shop\\PaymentController',
  65 => 'Eccube\\Controller\\Admin\\Setting\\Shop\\ShopController',
  66 => 'Eccube\\Controller\\Admin\\Setting\\Shop\\TaxRuleController',
  67 => 'Eccube\\Controller\\Admin\\Setting\\System\\AuthorityController',
  68 => 'Eccube\\Controller\\Admin\\Setting\\System\\LogController',
  69 => 'Eccube\\Controller\\Admin\\Setting\\System\\MasterdataController',
  70 => 'Eccube\\Controller\\Admin\\Setting\\System\\MemberController',
  71 => 'Eccube\\Controller\\Admin\\Setting\\System\\SecurityController',
  72 => 'Eccube\\Controller\\Admin\\Setting\\System\\SystemController',
  73 => 'Eccube\\Controller\\Admin\\Store\\OwnerStoreController',
  74 => 'Eccube\\Controller\\Admin\\Store\\PluginController',
  75 => 'Eccube\\Controller\\Admin\\Store\\TemplateController',
  76 => 'Eccube\\Controller\\Block\\CartController',
  77 => 'Eccube\\Controller\\Block\\SearchProductController',
  78 => 'Eccube\\Controller\\CartController',
  79 => 'Eccube\\Controller\\ContactController',
  80 => 'Eccube\\Controller\\EntryController',
  81 => 'Eccube\\Controller\\ForgotController',
  82 => 'Eccube\\Controller\\HelpController',
  83 => 'Eccube\\Controller\\Install\\InstallController',
  84 => 'Eccube\\Controller\\Mypage\\ChangeController',
  85 => 'Eccube\\Controller\\Mypage\\DeliveryController',
  86 => 'Eccube\\Controller\\Mypage\\MypageController',
  87 => 'Eccube\\Controller\\Mypage\\WithdrawController',
  88 => 'Eccube\\Controller\\NonMemberShoppingController',
  89 => 'Eccube\\Controller\\ProductController',
  90 => 'Eccube\\Controller\\ShippingMultipleController',
  91 => 'Eccube\\Controller\\ShoppingController',
  92 => 'Eccube\\Controller\\TopController',
  93 => 'Eccube\\Controller\\UserDataController',
  94 => 'Eccube\\Entity\\AbstractEntity',
  95 => 'Eccube\\Entity\\AuthorityRole',
  96 => 'Eccube\\Entity\\BaseInfo',
  97 => 'Eccube\\Entity\\Block',
  98 => 'Eccube\\Entity\\BlockPosition',
  99 => 'Eccube\\Entity\\Cart',
  100 => 'Eccube\\Entity\\CartItem',
  101 => 'Eccube\\Entity\\Category',
  102 => 'Eccube\\Entity\\ClassCategory',
  103 => 'Eccube\\Entity\\ClassName',
  104 => 'Eccube\\Entity\\Csv',
  105 => 'Eccube\\Entity\\Customer',
  106 => 'Eccube\\Entity\\CustomerAddress',
  107 => 'Eccube\\Entity\\CustomerFavoriteProduct',
  108 => 'Eccube\\Entity\\Delivery',
  109 => 'Eccube\\Entity\\DeliveryDuration',
  110 => 'Eccube\\Entity\\DeliveryFee',
  111 => 'Eccube\\Entity\\DeliveryTime',
  112 => 'Eccube\\Entity\\ExportCsvRow',
  113 => 'Eccube\\Entity\\ItemHolderInterface',
  114 => 'Eccube\\Entity\\ItemInterface',
  115 => 'Eccube\\Entity\\Layout',
  116 => 'Eccube\\Entity\\MailHistory',
  117 => 'Eccube\\Entity\\MailTemplate',
  118 => 'Eccube\\Entity\\Master\\AbstractMasterEntity',
  119 => 'Eccube\\Entity\\Master\\Authority',
  120 => 'Eccube\\Entity\\Master\\Country',
  121 => 'Eccube\\Entity\\Master\\CsvType',
  122 => 'Eccube\\Entity\\Master\\CustomerOrderStatus',
  123 => 'Eccube\\Entity\\Master\\CustomerStatus',
  124 => 'Eccube\\Entity\\Master\\DeviceType',
  125 => 'Eccube\\Entity\\Master\\Job',
  126 => 'Eccube\\Entity\\Master\\OrderItemType',
  127 => 'Eccube\\Entity\\Master\\OrderStatus',
  128 => 'Eccube\\Entity\\Master\\OrderStatusColor',
  129 => 'Eccube\\Entity\\Master\\PageMax',
  130 => 'Eccube\\Entity\\Master\\Pref',
  131 => 'Eccube\\Entity\\Master\\ProductListMax',
  132 => 'Eccube\\Entity\\Master\\ProductListOrderBy',
  133 => 'Eccube\\Entity\\Master\\ProductStatus',
  134 => 'Eccube\\Entity\\Master\\RoundingType',
  135 => 'Eccube\\Entity\\Master\\SaleType',
  136 => 'Eccube\\Entity\\Master\\Sex',
  137 => 'Eccube\\Entity\\Master\\TaxDisplayType',
  138 => 'Eccube\\Entity\\Master\\TaxType',
  139 => 'Eccube\\Entity\\Master\\Work',
  140 => 'Eccube\\Entity\\Member',
  141 => 'Eccube\\Entity\\NameTrait',
  142 => 'Eccube\\Entity\\News',
  143 => 'Eccube\\Entity\\Order',
  144 => 'Eccube\\Entity\\OrderItem',
  145 => 'Eccube\\Entity\\OrderPdf',
  146 => 'Eccube\\Entity\\Page',
  147 => 'Eccube\\Entity\\PageLayout',
  148 => 'Eccube\\Entity\\Payment',
  149 => 'Eccube\\Entity\\PaymentOption',
  150 => 'Eccube\\Entity\\Plugin',
  151 => 'Eccube\\Entity\\PointRateTrait',
  152 => 'Eccube\\Entity\\PointTrait',
  153 => 'Eccube\\Entity\\Product',
  154 => 'Eccube\\Entity\\ProductCategory',
  155 => 'Eccube\\Entity\\ProductClass',
  156 => 'Eccube\\Entity\\ProductImage',
  157 => 'Eccube\\Entity\\ProductStock',
  158 => 'Eccube\\Entity\\ProductTag',
  159 => 'Eccube\\Entity\\PurchaseInterface',
  160 => 'Eccube\\Entity\\Shipping',
  161 => 'Eccube\\Entity\\Tag',
  162 => 'Eccube\\Entity\\TaxRule',
  163 => 'Eccube\\Entity\\Template',
  164 => 'JsonSchema\\Entity\\JsonPointer',
  165 => 'Plugin\\AnnotatedRouting\\Controller\\AnnotatedRoutingController',
  166 => 'Plugin\\EntityExtension\\Entity\\CustomerSortNoTrait',
  167 => 'Plugin\\EntityForm\\Entity\\ProductUrlTrait',
  168 => 'Plugin\\HogePlugin\\Controller\\IndexController',
  169 => 'Plugin\\MigrationSample\\Entity\\BaseInfo3Trait',
  170 => 'Plugin\\ProductOption\\Controller\\AddcartController',
  171 => 'Plugin\\ProductOption\\Controller\\Admin\\ConfigController',
  172 => 'Plugin\\ProductOption\\Controller\\Admin\\OptionCategoryController',
  173 => 'Plugin\\ProductOption\\Controller\\Admin\\OptionController',
  174 => 'Plugin\\ProductOption\\Controller\\Admin\\PdfController',
  175 => 'Plugin\\ProductOption\\Controller\\Admin\\ProductOptionController',
  176 => 'Plugin\\ProductOption\\Controller\\Admin\\ProductOptionDesignController',
  177 => 'Plugin\\ProductOption\\Controller\\Admin\\ProductOptionRankController',
  178 => 'Plugin\\ProductOption\\Controller\\CartOperationController',
  179 => 'Plugin\\ProductOption\\Controller\\ReorderController',
  180 => 'Plugin\\ProductOption\\Entity\\CartItemOption',
  181 => 'Plugin\\ProductOption\\Entity\\CartItemOptionCategory',
  182 => 'Plugin\\ProductOption\\Entity\\CartItemTrait',
  183 => 'Plugin\\ProductOption\\Entity\\Option',
  184 => 'Plugin\\ProductOption\\Entity\\OptionCategory',
  185 => 'Plugin\\ProductOption\\Entity\\OptionImage',
  186 => 'Plugin\\ProductOption\\Entity\\OrderItemOption',
  187 => 'Plugin\\ProductOption\\Entity\\OrderItemOptionCategory',
  188 => 'Plugin\\ProductOption\\Entity\\OrderItemTrait',
  189 => 'Plugin\\ProductOption\\Entity\\OrderTrait',
  190 => 'Plugin\\ProductOption\\Entity\\ProductOption',
  191 => 'Plugin\\ProductOption\\Entity\\ProductOptionConfig',
  192 => 'Plugin\\ProductOption\\Entity\\ProductTrait',
  193 => 'Plugin\\ProductOption\\Entity\\ShippingTrait',
  196 => 'Symfony\\Bundle\\FrameworkBundle\\Controller\\ControllerNameParser',
  197 => 'Symfony\\Bundle\\FrameworkBundle\\Controller\\ControllerResolver',
  198 => 'Symfony\\Bundle\\FrameworkBundle\\Controller\\ControllerTrait',
  199 => 'Symfony\\Bundle\\FrameworkBundle\\Controller\\RedirectController',
  200 => 'Symfony\\Bundle\\FrameworkBundle\\Controller\\TemplateController',
  201 => 'Symfony\\Bundle\\TwigBundle\\Controller\\ExceptionController',
  202 => 'Symfony\\Bundle\\TwigBundle\\Controller\\PreviewErrorController',
  203 => 'Symfony\\Bundle\\WebProfilerBundle\\Controller\\ExceptionController',
  204 => 'Symfony\\Bundle\\WebProfilerBundle\\Controller\\ProfilerController',
  205 => 'Symfony\\Bundle\\WebProfilerBundle\\Controller\\RouterController',
  206 => 'Symfony\\Component\\HttpKernel\\Controller\\ArgumentResolver',
  207 => 'Symfony\\Component\\HttpKernel\\Controller\\ArgumentResolverInterface',
  208 => 'Symfony\\Component\\HttpKernel\\Controller\\ArgumentResolver\\DefaultValueResolver',
  209 => 'Symfony\\Component\\HttpKernel\\Controller\\ArgumentResolver\\RequestAttributeValueResolver',
  210 => 'Symfony\\Component\\HttpKernel\\Controller\\ArgumentResolver\\RequestValueResolver',
  211 => 'Symfony\\Component\\HttpKernel\\Controller\\ArgumentResolver\\ServiceValueResolver',
  212 => 'Symfony\\Component\\HttpKernel\\Controller\\ArgumentResolver\\SessionValueResolver',
  213 => 'Symfony\\Component\\HttpKernel\\Controller\\ArgumentResolver\\VariadicValueResolver',
  214 => 'Symfony\\Component\\HttpKernel\\Controller\\ArgumentValueResolverInterface',
  215 => 'Symfony\\Component\\HttpKernel\\Controller\\ContainerControllerResolver',
  216 => 'Symfony\\Component\\HttpKernel\\Controller\\ControllerReference',
  217 => 'Symfony\\Component\\HttpKernel\\Controller\\ControllerResolver',
  218 => 'Symfony\\Component\\HttpKernel\\Controller\\ControllerResolverInterface',
  219 => 'Symfony\\Component\\HttpKernel\\Controller\\TraceableArgumentResolver',
  220 => 'Symfony\\Component\\HttpKernel\\Controller\\TraceableControllerResolver',
);